Error: Runtime error
